Archive member included to satisfy reference by file (symbol)

lib/avr-can-lib/src//libcan.a(mcp2515_buffer.o)
                              obj/can_app.o (can_check_message)
lib/avr-can-lib/src//libcan.a(mcp2515_get_message.o)
                              obj/can_app.o (can_get_message)
lib/avr-can-lib/src//libcan.a(mcp2515_send_message.o)
                              obj/can_app.o (can_send_message)
lib/avr-can-lib/src//libcan.a(mcp2515_write_id.o)
                              lib/avr-can-lib/src//libcan.a(mcp2515_send_message.o) (mcp2515_write_id)
lib/avr-can-lib/src//libcan.a(mcp2515_read_id.o)
                              lib/avr-can-lib/src//libcan.a(mcp2515_get_message.o) (mcp2515_read_id)
lib/avr-can-lib/src//libcan.a(mcp2515_error_register.o)
                              obj/can_app.o (can_read_error_register)
lib/avr-can-lib/src//libcan.a(spi.o)
                              lib/avr-can-lib/src//libcan.a(mcp2515_get_message.o) (spi_putc)
lib/avr-can-lib/src//libcan.a(mcp2515.o)
                              lib/avr-can-lib/src//libcan.a(mcp2515_error_register.o) (mcp2515_read_register)
/usr/lib/gcc/avr/8.1.0/avr5/libgcc.a(_udivmodhi4.o)
                              obj/usart.o (__udivmodhi4)
/usr/lib/gcc/avr/8.1.0/avr5/libgcc.a(_exit.o)
                              /usr/lib/gcc/avr/8.1.0/../../../../avr/lib/avr5/crtatmega328p.o (exit)
/usr/lib/gcc/avr/8.1.0/avr5/libgcc.a(_copy_data.o)
                              obj/machine.o (__do_copy_data)
/usr/lib/gcc/avr/8.1.0/avr5/libgcc.a(_clear_bss.o)
                              obj/machine.o (__do_clear_bss)

Allocating common symbols
Common symbol       size              file

control             0xf               obj/machine.o
cbuf_adc1           0x22              obj/machine.o
can_app_checks_without_mic17_msg
                    0x2               obj/can_app.o
led_clk_div         0x1               obj/machine.o
system_flags        0x1               obj/machine.o
avg_adc1            0x1               obj/machine.o
cbuf_adc2           0x22              obj/machine.o
adc_data_ready      0x1               obj/machine.o
can_app_send_mppt_clk_div
                    0x1               obj/can_app.o
state_machine       0x2               obj/machine.o
can_app_send_state_clk_div
                    0x1               obj/can_app.o
error_flags         0x2               obj/machine.o
machine_clk         0x1               obj/machine.o
avg_adc2            0x1               obj/machine.o
total_errors        0x1               obj/machine.o
pwm_d_clk_div       0x1               obj/machine.o
init_pwm_increment_divider
                    0x1               obj/machine.o
pwm_fault_count     0x1               obj/machine.o
cbuf_adc0           0x22              obj/machine.o
avg_adc0            0x1               obj/machine.o
check_pwm_fault_times
                    0x1               obj/machine.o

Memory Configuration

Name             Origin             Length             Attributes
text             0x0000000000000000 0x0000000000020000 xr
data             0x0000000000800060 0x000000000000ffa0 rw !x
eeprom           0x0000000000810000 0x0000000000010000 rw !x
fuse             0x0000000000820000 0x0000000000000400 rw !x
lock             0x0000000000830000 0x0000000000000400 rw !x
signature        0x0000000000840000 0x0000000000000400 rw !x
user_signatures  0x0000000000850000 0x0000000000000400 rw !x
*default*        0x0000000000000000 0xffffffffffffffff

Linker script and memory map

Address of section .data set to 0x800100
LOAD /usr/lib/gcc/avr/8.1.0/../../../../avr/lib/avr5/crtatmega328p.o
LOAD obj/machine.o
LOAD obj/PeO.o
LOAD obj/pwm.o
LOAD obj/adc.o
LOAD obj/can_app.o
LOAD obj/main.o
LOAD obj/usart.o
LOAD lib/avr-can-lib/src//libcan.a
START GROUP
LOAD /usr/lib/gcc/avr/8.1.0/avr5/libgcc.a
LOAD /usr/lib/gcc/avr/8.1.0/../../../../avr/lib/avr5/libm.a
LOAD /usr/lib/gcc/avr/8.1.0/../../../../avr/lib/avr5/libc.a
LOAD /usr/lib/gcc/avr/8.1.0/../../../../avr/lib/avr5/libatmega328p.a
END GROUP
                0x0000000000020000                __TEXT_REGION_LENGTH__ = DEFINED (__TEXT_REGION_LENGTH__)?__TEXT_REGION_LENGTH__:0x20000
                0x000000000000ffa0                __DATA_REGION_LENGTH__ = DEFINED (__DATA_REGION_LENGTH__)?__DATA_REGION_LENGTH__:0xffa0
                0x0000000000010000                __EEPROM_REGION_LENGTH__ = DEFINED (__EEPROM_REGION_LENGTH__)?__EEPROM_REGION_LENGTH__:0x10000
                0x0000000000000400                __FUSE_REGION_LENGTH__ = DEFINED (__FUSE_REGION_LENGTH__)?__FUSE_REGION_LENGTH__:0x400
                0x0000000000000400                __LOCK_REGION_LENGTH__ = DEFINED (__LOCK_REGION_LENGTH__)?__LOCK_REGION_LENGTH__:0x400
                0x0000000000000400                __SIGNATURE_REGION_LENGTH__ = DEFINED (__SIGNATURE_REGION_LENGTH__)?__SIGNATURE_REGION_LENGTH__:0x400
                0x0000000000000400                __USER_SIGNATURE_REGION_LENGTH__ = DEFINED (__USER_SIGNATURE_REGION_LENGTH__)?__USER_SIGNATURE_REGION_LENGTH__:0x400

.hash
 *(.hash)

.dynsym
 *(.dynsym)

.dynstr
 *(.dynstr)

.gnu.version
 *(.gnu.version)

.gnu.version_d
 *(.gnu.version_d)

.gnu.version_r
 *(.gnu.version_r)

.rel.init
 *(.rel.init)

.rela.init
 *(.rela.init)

.rel.text
 *(.rel.text)
 *(.rel.text.*)
 *(.rel.gnu.linkonce.t*)

.rela.text
 *(.rela.text)
 *(.rela.text.*)
 *(.rela.gnu.linkonce.t*)

.rel.fini
 *(.rel.fini)

.rela.fini
 *(.rela.fini)

.rel.rodata
 *(.rel.rodata)
 *(.rel.rodata.*)
 *(.rel.gnu.linkonce.r*)

.rela.rodata
 *(.rela.rodata)
 *(.rela.rodata.*)
 *(.rela.gnu.linkonce.r*)

.rel.data
 *(.rel.data)
 *(.rel.data.*)
 *(.rel.gnu.linkonce.d*)

.rela.data
 *(.rela.data)
 *(.rela.data.*)
 *(.rela.gnu.linkonce.d*)

.rel.ctors
 *(.rel.ctors)

.rela.ctors
 *(.rela.ctors)

.rel.dtors
 *(.rel.dtors)

.rela.dtors
 *(.rela.dtors)

.rel.got
 *(.rel.got)

.rela.got
 *(.rela.got)

.rel.bss
 *(.rel.bss)

.rela.bss
 *(.rela.bss)

.rel.plt
 *(.rel.plt)

.rela.plt
 *(.rela.plt)

.text           0x0000000000000000      0xff6
 *(.vectors)
 .vectors       0x0000000000000000       0x68 /usr/lib/gcc/avr/8.1.0/../../../../avr/lib/avr5/crtatmega328p.o
                0x0000000000000000                __vectors
 *(.vectors)
 *(.progmem.gcc*)
                0x0000000000000068                . = ALIGN (0x2)
                0x0000000000000068                __trampolines_start = .
 *(.trampolines)
 .trampolines   0x0000000000000068        0x0 linker stubs
 *(.trampolines*)
                0x0000000000000068                __trampolines_end = .
 *libprintf_flt.a:*(.progmem.data)
 *libc.a:*(.progmem.data)
 *(.progmem.*)
 .progmem.data  0x0000000000000068       0x18 lib/avr-can-lib/src//libcan.a(mcp2515.o)
                0x0000000000000068                _mcp2515_cnf
                0x0000000000000080                . = ALIGN (0x2)
 *(.lowtext)
 *(.lowtext*)
                0x0000000000000080                __ctors_start = .
 *(.ctors)
                0x0000000000000080                __ctors_end = .
                0x0000000000000080                __dtors_start = .
 *(.dtors)
                0x0000000000000080                __dtors_end = .
 SORT_BY_NAME(*)(.ctors)
 SORT_BY_NAME(*)(.dtors)
 *(.init0)
 .init0         0x0000000000000080        0x0 /usr/lib/gcc/avr/8.1.0/../../../../avr/lib/avr5/crtatmega328p.o
                0x0000000000000080                __init
 *(.init0)
 *(.init1)
 *(.init1)
 *(.init2)
 .init2         0x0000000000000080        0xc /usr/lib/gcc/avr/8.1.0/../../../../avr/lib/avr5/crtatmega328p.o
 *(.init2)
 *(.init3)
 .init3         0x000000000000008c       0x18 obj/main.o
                0x000000000000008c                wdt_first
 *(.init3)
 *(.init4)
 .init4         0x00000000000000a4       0x16 /usr/lib/gcc/avr/8.1.0/avr5/libgcc.a(_copy_data.o)
                0x00000000000000a4                __do_copy_data
 .init4         0x00000000000000ba       0x10 /usr/lib/gcc/avr/8.1.0/avr5/libgcc.a(_clear_bss.o)
                0x00000000000000ba                __do_clear_bss
 *(.init4)
 *(.init5)
 *(.init5)
 *(.init6)
 *(.init6)
 *(.init7)
 *(.init7)
 *(.init8)
 *(.init8)
 *(.init9)
 .init9         0x00000000000000ca        0x8 /usr/lib/gcc/avr/8.1.0/../../../../avr/lib/avr5/crtatmega328p.o
 *(.init9)
 *(.text)
 .text          0x00000000000000d2        0x4 /usr/lib/gcc/avr/8.1.0/../../../../avr/lib/avr5/crtatmega328p.o
                0x00000000000000d2                __vector_22
                0x00000000000000d2                __vector_24
                0x00000000000000d2                __vector_12
                0x00000000000000d2                __bad_interrupt
                0x00000000000000d2                __vector_6
                0x00000000000000d2                __vector_3
                0x00000000000000d2                __vector_23
                0x00000000000000d2                __vector_25
                0x00000000000000d2                __vector_11
                0x00000000000000d2                __vector_13
                0x00000000000000d2                __vector_17
                0x00000000000000d2                __vector_19
                0x00000000000000d2                __vector_5
                0x00000000000000d2                __vector_4
                0x00000000000000d2                __vector_9
                0x00000000000000d2                __vector_15
                0x00000000000000d2                __vector_8
                0x00000000000000d2                __vector_10
                0x00000000000000d2                __vector_16
                0x00000000000000d2                __vector_18
                0x00000000000000d2                __vector_20
 .text          0x00000000000000d6      0x4a2 obj/machine.o
                0x00000000000000d6                machine_init
                0x00000000000000f4                check_pwm_fault
                0x000000000000012e                check_buffers
                0x000000000000015a                check_idle_panel_current
                0x0000000000000170                check_idle_panel_voltage
                0x0000000000000186                check_running_panel_current
                0x00000000000001b0                check_running_panel_voltage
                0x00000000000001b4                check_running_battery_voltage
                0x00000000000001cc                check_idle_battery_voltage
                0x00000000000001d0                set_state_error
                0x00000000000001de                set_state_initializing
                0x00000000000001e8                set_state_idle
                0x00000000000001f8                set_state_running
                0x0000000000000206                print_system_flags
                0x0000000000000230                print_error_flags
                0x000000000000028e                print_control
                0x0000000000000316                task_initializing
                0x0000000000000340                task_idle
                0x00000000000003d8                task_running
                0x0000000000000418                task_error
                0x00000000000004f6                machine_run
                0x0000000000000548                __vector_1
                0x0000000000000554                __vector_2
                0x000000000000056c                __vector_7
 .text          0x0000000000000578       0x56 obj/PeO.o
                0x0000000000000578                pertub_and_observe
 .text          0x00000000000005ce       0xd8 obj/pwm.o
                0x00000000000005ce                pwm_init
                0x00000000000005fa                pwm_reset
                0x000000000000060c                pwm_compute
                0x0000000000000686                pwm_treat_fault
 .text          0x00000000000006a6      0x212 obj/adc.o
                0x00000000000006a6                init_buffers
                0x00000000000006c0                ma_adc0
                0x00000000000006ee                ma_adc1
                0x000000000000071c                ma_adc2
                0x000000000000074a                adc_select_channel
                0x000000000000078a                adc_init
                0x00000000000007c8                __vector_21
                0x00000000000008b6                __vector_14
 .text          0x00000000000008b8      0x1ba obj/can_app.o
                0x00000000000008b8                can_app_print_msg
                0x000000000000092a                can_app_send_state
                0x0000000000000974                can_app_send_mppt
                0x00000000000009c6                can_app_extractor_mic17_state
                0x00000000000009c8                can_app_extractor_mic17_mppt
                0x00000000000009e2                can_app_msg_extractors_switch
                0x00000000000009fa                check_can
                0x0000000000000a3c                can_app_task
 .text          0x0000000000000a72       0x3a obj/main.o
                0x0000000000000a72                wdt_init
                0x0000000000000a88                sleep_init
                0x0000000000000a90                __vector_default
 .text          0x0000000000000aac       0xf6 obj/usart.o
                0x0000000000000aac                usart_send_char
                0x0000000000000aba                usart_receive_char
                0x0000000000000ac8                usart_send_string
                0x0000000000000aee                usart_send_uint16
                0x0000000000000b56                usart_send_buffer
                0x0000000000000b7e                usart_init
 .text          0x0000000000000ba2       0x1c lib/avr-can-lib/src//libcan.a(mcp2515_buffer.o)
                0x0000000000000ba2                can_check_message
                0x0000000000000baa                can_check_free_buffer
 .text          0x0000000000000bbe       0xa4 lib/avr-can-lib/src//libcan.a(mcp2515_get_message.o)
                0x0000000000000bbe                can_get_message
 .text          0x0000000000000c62       0x96 lib/avr-can-lib/src//libcan.a(mcp2515_send_message.o)
                0x0000000000000c62                can_send_message
 .text          0x0000000000000cf8       0x32 lib/avr-can-lib/src//libcan.a(mcp2515_write_id.o)
                0x0000000000000cf8                mcp2515_write_id
 .text          0x0000000000000d2a       0x6e lib/avr-can-lib/src//libcan.a(mcp2515_read_id.o)
                0x0000000000000d2a                mcp2515_read_id
 .text          0x0000000000000d98       0x16 lib/avr-can-lib/src//libcan.a(mcp2515_error_register.o)
                0x0000000000000d98                can_read_error_register
 .text          0x0000000000000dae       0x16 lib/avr-can-lib/src//libcan.a(spi.o)
                0x0000000000000dae                mcp2515_spi_init
                0x0000000000000db8                spi_putc
 .text          0x0000000000000dc4      0x160 lib/avr-can-lib/src//libcan.a(mcp2515.o)
                0x0000000000000dc4                mcp2515_write_register
                0x0000000000000de8                mcp2515_read_register
                0x0000000000000e06                mcp2515_bit_modify
                0x0000000000000e36                mcp2515_read_status
                0x0000000000000e46                can_init
 .text          0x0000000000000f24        0x0 /usr/lib/gcc/avr/8.1.0/avr5/libgcc.a(_udivmodhi4.o)
 .text          0x0000000000000f24        0x0 /usr/lib/gcc/avr/8.1.0/avr5/libgcc.a(_exit.o)
 .text          0x0000000000000f24        0x0 /usr/lib/gcc/avr/8.1.0/avr5/libgcc.a(_copy_data.o)
 .text          0x0000000000000f24        0x0 /usr/lib/gcc/avr/8.1.0/avr5/libgcc.a(_clear_bss.o)
                0x0000000000000f24                . = ALIGN (0x2)
 *(.text.*)
 .text.startup  0x0000000000000f24       0xa6 obj/main.o
                0x0000000000000f24                main
 .text.libgcc.mul
                0x0000000000000fca        0x0 /usr/lib/gcc/avr/8.1.0/avr5/libgcc.a(_udivmodhi4.o)
 .text.libgcc.div
                0x0000000000000fca       0x28 /usr/lib/gcc/avr/8.1.0/avr5/libgcc.a(_udivmodhi4.o)
                0x0000000000000fca                __udivmodhi4
 .text.libgcc   0x0000000000000ff2        0x0 /usr/lib/gcc/avr/8.1.0/avr5/libgcc.a(_udivmodhi4.o)
 .text.libgcc.prologue
                0x0000000000000ff2        0x0 /usr/lib/gcc/avr/8.1.0/avr5/libgcc.a(_udivmodhi4.o)
 .text.libgcc.builtins
                0x0000000000000ff2        0x0 /usr/lib/gcc/avr/8.1.0/avr5/libgcc.a(_udivmodhi4.o)
 .text.libgcc.fmul
                0x0000000000000ff2        0x0 /usr/lib/gcc/avr/8.1.0/avr5/libgcc.a(_udivmodhi4.o)
 .text.libgcc.fixed
                0x0000000000000ff2        0x0 /usr/lib/gcc/avr/8.1.0/avr5/libgcc.a(_udivmodhi4.o)
 .text.libgcc.mul
                0x0000000000000ff2        0x0 /usr/lib/gcc/avr/8.1.0/avr5/libgcc.a(_exit.o)
 .text.libgcc.div
                0x0000000000000ff2        0x0 /usr/lib/gcc/avr/8.1.0/avr5/libgcc.a(_exit.o)
 .text.libgcc   0x0000000000000ff2        0x0 /usr/lib/gcc/avr/8.1.0/avr5/libgcc.a(_exit.o)
 .text.libgcc.prologue
                0x0000000000000ff2        0x0 /usr/lib/gcc/avr/8.1.0/avr5/libgcc.a(_exit.o)
 .text.libgcc.builtins
                0x0000000000000ff2        0x0 /usr/lib/gcc/avr/8.1.0/avr5/libgcc.a(_exit.o)
 .text.libgcc.fmul
                0x0000000000000ff2        0x0 /usr/lib/gcc/avr/8.1.0/avr5/libgcc.a(_exit.o)
 .text.libgcc.fixed
                0x0000000000000ff2        0x0 /usr/lib/gcc/avr/8.1.0/avr5/libgcc.a(_exit.o)
 .text.libgcc.mul
                0x0000000000000ff2        0x0 /usr/lib/gcc/avr/8.1.0/avr5/libgcc.a(_copy_data.o)
 .text.libgcc.div
                0x0000000000000ff2        0x0 /usr/lib/gcc/avr/8.1.0/avr5/libgcc.a(_copy_data.o)
 .text.libgcc   0x0000000000000ff2        0x0 /usr/lib/gcc/avr/8.1.0/avr5/libgcc.a(_copy_data.o)
 .text.libgcc.prologue
                0x0000000000000ff2        0x0 /usr/lib/gcc/avr/8.1.0/avr5/libgcc.a(_copy_data.o)
 .text.libgcc.builtins
                0x0000000000000ff2        0x0 /usr/lib/gcc/avr/8.1.0/avr5/libgcc.a(_copy_data.o)
 .text.libgcc.fmul
                0x0000000000000ff2        0x0 /usr/lib/gcc/avr/8.1.0/avr5/libgcc.a(_copy_data.o)
 .text.libgcc.fixed
                0x0000000000000ff2        0x0 /usr/lib/gcc/avr/8.1.0/avr5/libgcc.a(_copy_data.o)
 .text.libgcc.mul
                0x0000000000000ff2        0x0 /usr/lib/gcc/avr/8.1.0/avr5/libgcc.a(_clear_bss.o)
 .text.libgcc.div
                0x0000000000000ff2        0x0 /usr/lib/gcc/avr/8.1.0/avr5/libgcc.a(_clear_bss.o)
 .text.libgcc   0x0000000000000ff2        0x0 /usr/lib/gcc/avr/8.1.0/avr5/libgcc.a(_clear_bss.o)
 .text.libgcc.prologue
                0x0000000000000ff2        0x0 /usr/lib/gcc/avr/8.1.0/avr5/libgcc.a(_clear_bss.o)
 .text.libgcc.builtins
                0x0000000000000ff2        0x0 /usr/lib/gcc/avr/8.1.0/avr5/libgcc.a(_clear_bss.o)
 .text.libgcc.fmul
                0x0000000000000ff2        0x0 /usr/lib/gcc/avr/8.1.0/avr5/libgcc.a(_clear_bss.o)
 .text.libgcc.fixed
                0x0000000000000ff2        0x0 /usr/lib/gcc/avr/8.1.0/avr5/libgcc.a(_clear_bss.o)
                0x0000000000000ff2                . = ALIGN (0x2)
 *(.fini9)
 .fini9         0x0000000000000ff2        0x0 /usr/lib/gcc/avr/8.1.0/avr5/libgcc.a(_exit.o)
                0x0000000000000ff2                exit
                0x0000000000000ff2                _exit
 *(.fini9)
 *(.fini8)
 *(.fini8)
 *(.fini7)
 *(.fini7)
 *(.fini6)
 *(.fini6)
 *(.fini5)
 *(.fini5)
 *(.fini4)
 *(.fini4)
 *(.fini3)
 *(.fini3)
 *(.fini2)
 *(.fini2)
 *(.fini1)
 *(.fini1)
 *(.fini0)
 .fini0         0x0000000000000ff2        0x4 /usr/lib/gcc/avr/8.1.0/avr5/libgcc.a(_exit.o)
 *(.fini0)
 *(.hightext)
 *(.hightext*)
 *(.progmemx.*)
                0x0000000000000ff6                . = ALIGN (0x2)
 *(.jumptables)
 *(.jumptables*)
                0x0000000000000ff6                _etext = .

.data           0x0000000000800100      0x286 load address 0x0000000000000ff6
                0x0000000000800100                PROVIDE (__data_start = .)
 *(.data)
 .data          0x0000000000800100        0x0 /usr/lib/gcc/avr/8.1.0/../../../../avr/lib/avr5/crtatmega328p.o
 .data          0x0000000000800100        0x0 obj/machine.o
 .data          0x0000000000800100        0x0 obj/PeO.o
 .data          0x0000000000800100        0x0 obj/pwm.o
 .data          0x0000000000800100        0x0 obj/adc.o
 .data          0x0000000000800100        0x0 obj/can_app.o
 .data          0x0000000000800100        0x0 obj/main.o
 .data          0x0000000000800100        0x0 obj/usart.o
 .data          0x0000000000800100        0x0 lib/avr-can-lib/src//libcan.a(mcp2515_buffer.o)
 .data          0x0000000000800100        0x0 lib/avr-can-lib/src//libcan.a(mcp2515_get_message.o)
 .data          0x0000000000800100        0x0 lib/avr-can-lib/src//libcan.a(mcp2515_send_message.o)
 .data          0x0000000000800100        0x0 lib/avr-can-lib/src//libcan.a(mcp2515_write_id.o)
 .data          0x0000000000800100        0x0 lib/avr-can-lib/src//libcan.a(mcp2515_read_id.o)
 .data          0x0000000000800100        0x0 lib/avr-can-lib/src//libcan.a(mcp2515_error_register.o)
 .data          0x0000000000800100        0x0 lib/avr-can-lib/src//libcan.a(spi.o)
 .data          0x0000000000800100        0x0 lib/avr-can-lib/src//libcan.a(mcp2515.o)
 .data          0x0000000000800100        0x0 /usr/lib/gcc/avr/8.1.0/avr5/libgcc.a(_udivmodhi4.o)
 .data          0x0000000000800100        0x0 /usr/lib/gcc/avr/8.1.0/avr5/libgcc.a(_exit.o)
 .data          0x0000000000800100        0x0 /usr/lib/gcc/avr/8.1.0/avr5/libgcc.a(_copy_data.o)
 .data          0x0000000000800100        0x0 /usr/lib/gcc/avr/8.1.0/avr5/libgcc.a(_clear_bss.o)
 *(.data*)
 *(.gnu.linkonce.d*)
 *(.rodata)
 *(.rodata*)
 .rodata.str1.1
                0x0000000000800100      0x1fa obj/machine.o
                                        0x1ff (size before relaxing)
 .rodata.str1.1
                0x00000000008002fa       0x13 obj/can_app.o
 .rodata.str1.1
                0x000000000080030d       0x78 obj/main.o
                                         0x7e (size before relaxing)
 *(.gnu.linkonce.r*)
                0x0000000000800386                . = ALIGN (0x2)
 *fill*         0x0000000000800385        0x1 
                0x0000000000800386                _edata = .
                0x0000000000800386                PROVIDE (__data_end = .)

.bss            0x0000000000800386       0x95
                0x0000000000800386                PROVIDE (__bss_start = .)
 *(.bss)
 .bss           0x0000000000800386        0x0 /usr/lib/gcc/avr/8.1.0/../../../../avr/lib/avr5/crtatmega328p.o
 .bss           0x0000000000800386        0x2 obj/machine.o
 .bss           0x0000000000800388        0x2 obj/PeO.o
 .bss           0x000000000080038a        0x2 obj/pwm.o
 .bss           0x000000000080038c        0x2 obj/adc.o
 .bss           0x000000000080038e        0x2 obj/can_app.o
 .bss           0x0000000000800390        0x2 obj/main.o
 .bss           0x0000000000800392        0x0 obj/usart.o
 .bss           0x0000000000800392        0x0 lib/avr-can-lib/src//libcan.a(mcp2515_buffer.o)
 .bss           0x0000000000800392        0x0 lib/avr-can-lib/src//libcan.a(mcp2515_get_message.o)
 .bss           0x0000000000800392        0x0 lib/avr-can-lib/src//libcan.a(mcp2515_send_message.o)
 .bss           0x0000000000800392        0x0 lib/avr-can-lib/src//libcan.a(mcp2515_write_id.o)
 .bss           0x0000000000800392        0x0 lib/avr-can-lib/src//libcan.a(mcp2515_read_id.o)
 .bss           0x0000000000800392        0x0 lib/avr-can-lib/src//libcan.a(mcp2515_error_register.o)
 .bss           0x0000000000800392        0x0 lib/avr-can-lib/src//libcan.a(spi.o)
 .bss           0x0000000000800392        0x0 lib/avr-can-lib/src//libcan.a(mcp2515.o)
 .bss           0x0000000000800392        0x0 /usr/lib/gcc/avr/8.1.0/avr5/libgcc.a(_udivmodhi4.o)
 .bss           0x0000000000800392        0x0 /usr/lib/gcc/avr/8.1.0/avr5/libgcc.a(_exit.o)
 .bss           0x0000000000800392        0x0 /usr/lib/gcc/avr/8.1.0/avr5/libgcc.a(_copy_data.o)
 .bss           0x0000000000800392        0x0 /usr/lib/gcc/avr/8.1.0/avr5/libgcc.a(_clear_bss.o)
 *(.bss*)
 *(COMMON)
 COMMON         0x0000000000800392       0x85 obj/machine.o
                0x0000000000800392                control
                0x00000000008003a1                cbuf_adc1
                0x00000000008003c3                led_clk_div
                0x00000000008003c4                system_flags
                0x00000000008003c5                avg_adc1
                0x00000000008003c6                cbuf_adc2
                0x00000000008003e8                adc_data_ready
                0x00000000008003e9                state_machine
                0x00000000008003eb                error_flags
                0x00000000008003ed                machine_clk
                0x00000000008003ee                avg_adc2
                0x00000000008003ef                total_errors
                0x00000000008003f0                pwm_d_clk_div
                0x00000000008003f1                init_pwm_increment_divider
                0x00000000008003f2                pwm_fault_count
                0x00000000008003f3                cbuf_adc0
                0x0000000000800415                avg_adc0
                0x0000000000800416                check_pwm_fault_times
 COMMON         0x0000000000800417        0x4 obj/can_app.o
                0x0000000000800417                can_app_checks_without_mic17_msg
                0x0000000000800419                can_app_send_mppt_clk_div
                0x000000000080041a                can_app_send_state_clk_div
                0x000000000080041b                PROVIDE (__bss_end = .)
                0x0000000000000ff6                __data_load_start = LOADADDR (.data)
                0x000000000000127c                __data_load_end = (__data_load_start + SIZEOF (.data))

.noinit         0x000000000080041b        0x0
                [!provide]                        PROVIDE (__noinit_start = .)
 *(.noinit*)
                [!provide]                        PROVIDE (__noinit_end = .)
                0x000000000080041b                _end = .
                [!provide]                        PROVIDE (__heap_start = .)

.eeprom         0x0000000000810000        0x0
 *(.eeprom*)
                0x0000000000810000                __eeprom_end = .

.fuse
 *(.fuse)
 *(.lfuse)
 *(.hfuse)
 *(.efuse)

.lock
 *(.lock*)

.signature
 *(.signature*)

.stab
 *(.stab)

.stabstr
 *(.stabstr)

.stab.excl
 *(.stab.excl)

.stab.exclstr
 *(.stab.exclstr)

.stab.index
 *(.stab.index)

.stab.indexstr
 *(.stab.indexstr)

.comment        0x0000000000000000       0x22
 *(.comment)
 .comment       0x0000000000000000       0x11 obj/machine.o
                                         0x12 (size before relaxing)
 .comment       0x0000000000000011       0x12 obj/PeO.o
 .comment       0x0000000000000011       0x12 obj/pwm.o
 .comment       0x0000000000000011       0x12 obj/adc.o
 .comment       0x0000000000000011       0x12 obj/can_app.o
 .comment       0x0000000000000011       0x12 obj/main.o
 .comment       0x0000000000000011       0x12 obj/usart.o
 .comment       0x0000000000000011       0x11 lib/avr-can-lib/src//libcan.a(mcp2515_buffer.o)
                                         0x12 (size before relaxing)
 .comment       0x0000000000000022       0x12 lib/avr-can-lib/src//libcan.a(mcp2515_get_message.o)
 .comment       0x0000000000000022       0x12 lib/avr-can-lib/src//libcan.a(mcp2515_send_message.o)
 .comment       0x0000000000000022       0x12 lib/avr-can-lib/src//libcan.a(mcp2515_write_id.o)
 .comment       0x0000000000000022       0x12 lib/avr-can-lib/src//libcan.a(mcp2515_read_id.o)
 .comment       0x0000000000000022       0x12 lib/avr-can-lib/src//libcan.a(mcp2515_error_register.o)
 .comment       0x0000000000000022       0x12 lib/avr-can-lib/src//libcan.a(spi.o)
 .comment       0x0000000000000022       0x12 lib/avr-can-lib/src//libcan.a(mcp2515.o)

.note.gnu.avr.deviceinfo
                0x0000000000000000       0x40
 .note.gnu.avr.deviceinfo
                0x0000000000000000       0x40 /usr/lib/gcc/avr/8.1.0/../../../../avr/lib/avr5/crtatmega328p.o

.note.gnu.build-id
 *(.note.gnu.build-id)

.debug
 *(.debug)

.line
 *(.line)

.debug_srcinfo
 *(.debug_srcinfo)

.debug_sfnames
 *(.debug_sfnames)

.debug_aranges  0x0000000000000000      0x100
 *(.debug_aranges)
 .debug_aranges
                0x0000000000000000       0x20 lib/avr-can-lib/src//libcan.a(mcp2515_buffer.o)
 .debug_aranges
                0x0000000000000020       0x20 lib/avr-can-lib/src//libcan.a(mcp2515_get_message.o)
 .debug_aranges
                0x0000000000000040       0x20 lib/avr-can-lib/src//libcan.a(mcp2515_send_message.o)
 .debug_aranges
                0x0000000000000060       0x20 lib/avr-can-lib/src//libcan.a(mcp2515_write_id.o)
 .debug_aranges
                0x0000000000000080       0x20 lib/avr-can-lib/src//libcan.a(mcp2515_read_id.o)
 .debug_aranges
                0x00000000000000a0       0x20 lib/avr-can-lib/src//libcan.a(mcp2515_error_register.o)
 .debug_aranges
                0x00000000000000c0       0x20 lib/avr-can-lib/src//libcan.a(spi.o)
 .debug_aranges
                0x00000000000000e0       0x20 lib/avr-can-lib/src//libcan.a(mcp2515.o)

.debug_pubnames
 *(.debug_pubnames)

.debug_info     0x0000000000000000     0x1576
 *(.debug_info .gnu.linkonce.wi.*)
 .debug_info    0x0000000000000000      0x5f4 /usr/lib/gcc/avr/8.1.0/../../../../avr/lib/avr5/crtatmega328p.o
 .debug_info    0x00000000000005f4       0xdc lib/avr-can-lib/src//libcan.a(mcp2515_buffer.o)
 .debug_info    0x00000000000006d0      0x229 lib/avr-can-lib/src//libcan.a(mcp2515_get_message.o)
 .debug_info    0x00000000000008f9      0x2b0 lib/avr-can-lib/src//libcan.a(mcp2515_send_message.o)
 .debug_info    0x0000000000000ba9      0x149 lib/avr-can-lib/src//libcan.a(mcp2515_write_id.o)
 .debug_info    0x0000000000000cf2      0x1a5 lib/avr-can-lib/src//libcan.a(mcp2515_read_id.o)
 .debug_info    0x0000000000000e97       0xff lib/avr-can-lib/src//libcan.a(mcp2515_error_register.o)
 .debug_info    0x0000000000000f96       0xb4 lib/avr-can-lib/src//libcan.a(spi.o)
 .debug_info    0x000000000000104a      0x52c lib/avr-can-lib/src//libcan.a(mcp2515.o)

.debug_abbrev   0x0000000000000000      0xe3e
 *(.debug_abbrev)
 .debug_abbrev  0x0000000000000000      0x5a2 /usr/lib/gcc/avr/8.1.0/../../../../avr/lib/avr5/crtatmega328p.o
 .debug_abbrev  0x00000000000005a2       0xa5 lib/avr-can-lib/src//libcan.a(mcp2515_buffer.o)
 .debug_abbrev  0x0000000000000647      0x125 lib/avr-can-lib/src//libcan.a(mcp2515_get_message.o)
 .debug_abbrev  0x000000000000076c      0x19d lib/avr-can-lib/src//libcan.a(mcp2515_send_message.o)
 .debug_abbrev  0x0000000000000909      0x11b lib/avr-can-lib/src//libcan.a(mcp2515_write_id.o)
 .debug_abbrev  0x0000000000000a24      0x11b lib/avr-can-lib/src//libcan.a(mcp2515_read_id.o)
 .debug_abbrev  0x0000000000000b3f       0xc1 lib/avr-can-lib/src//libcan.a(mcp2515_error_register.o)
 .debug_abbrev  0x0000000000000c00       0x7a lib/avr-can-lib/src//libcan.a(spi.o)
 .debug_abbrev  0x0000000000000c7a      0x1c4 lib/avr-can-lib/src//libcan.a(mcp2515.o)

.debug_line     0x0000000000000000      0x817
 *(.debug_line .debug_line.* .debug_line_end)
 .debug_line    0x0000000000000000       0x1d /usr/lib/gcc/avr/8.1.0/../../../../avr/lib/avr5/crtatmega328p.o
 .debug_line    0x000000000000001d       0x97 lib/avr-can-lib/src//libcan.a(mcp2515_buffer.o)
 .debug_line    0x00000000000000b4      0x143 lib/avr-can-lib/src//libcan.a(mcp2515_get_message.o)
 .debug_line    0x00000000000001f7      0x167 lib/avr-can-lib/src//libcan.a(mcp2515_send_message.o)
 .debug_line    0x000000000000035e       0x9e lib/avr-can-lib/src//libcan.a(mcp2515_write_id.o)
 .debug_line    0x00000000000003fc       0xe1 lib/avr-can-lib/src//libcan.a(mcp2515_read_id.o)
 .debug_line    0x00000000000004dd       0x99 lib/avr-can-lib/src//libcan.a(mcp2515_error_register.o)
 .debug_line    0x0000000000000576       0x88 lib/avr-can-lib/src//libcan.a(spi.o)
 .debug_line    0x00000000000005fe      0x219 lib/avr-can-lib/src//libcan.a(mcp2515.o)

.debug_frame    0x0000000000000000      0x22c
 *(.debug_frame)
 .debug_frame   0x0000000000000000       0x34 lib/avr-can-lib/src//libcan.a(mcp2515_buffer.o)
 .debug_frame   0x0000000000000034       0x48 lib/avr-can-lib/src//libcan.a(mcp2515_get_message.o)
 .debug_frame   0x000000000000007c       0x44 lib/avr-can-lib/src//libcan.a(mcp2515_send_message.o)
 .debug_frame   0x00000000000000c0       0x24 lib/avr-can-lib/src//libcan.a(mcp2515_write_id.o)
 .debug_frame   0x00000000000000e4       0x38 lib/avr-can-lib/src//libcan.a(mcp2515_read_id.o)
 .debug_frame   0x000000000000011c       0x2c lib/avr-can-lib/src//libcan.a(mcp2515_error_register.o)
 .debug_frame   0x0000000000000148       0x34 lib/avr-can-lib/src//libcan.a(spi.o)
 .debug_frame   0x000000000000017c       0xb0 lib/avr-can-lib/src//libcan.a(mcp2515.o)

.debug_str      0x0000000000000000      0x634
 *(.debug_str)
 .debug_str     0x0000000000000000      0x208 /usr/lib/gcc/avr/8.1.0/../../../../avr/lib/avr5/crtatmega328p.o
 .debug_str     0x0000000000000208      0x16f lib/avr-can-lib/src//libcan.a(mcp2515_buffer.o)
                                        0x1aa (size before relaxing)
 .debug_str     0x0000000000000377       0x78 lib/avr-can-lib/src//libcan.a(mcp2515_get_message.o)
                                        0x1e3 (size before relaxing)
 .debug_str     0x00000000000003ef       0x8c lib/avr-can-lib/src//libcan.a(mcp2515_send_message.o)
                                        0x221 (size before relaxing)
 .debug_str     0x000000000000047b       0x26 lib/avr-can-lib/src//libcan.a(mcp2515_write_id.o)
                                        0x19e (size before relaxing)
 .debug_str     0x00000000000004a1       0x18 lib/avr-can-lib/src//libcan.a(mcp2515_read_id.o)
                                        0x1a2 (size before relaxing)
 .debug_str     0x00000000000004b9       0x62 lib/avr-can-lib/src//libcan.a(mcp2515_error_register.o)
                                        0x1b2 (size before relaxing)
 .debug_str     0x000000000000051b       0x17 lib/avr-can-lib/src//libcan.a(spi.o)
                                        0x175 (size before relaxing)
 .debug_str     0x0000000000000532      0x102 lib/avr-can-lib/src//libcan.a(mcp2515.o)
                                        0x2ff (size before relaxing)

.debug_loc      0x0000000000000000      0x884
 *(.debug_loc)
 .debug_loc     0x0000000000000000       0x13 lib/avr-can-lib/src//libcan.a(mcp2515_buffer.o)
 .debug_loc     0x0000000000000013      0x156 lib/avr-can-lib/src//libcan.a(mcp2515_get_message.o)
 .debug_loc     0x0000000000000169      0x174 lib/avr-can-lib/src//libcan.a(mcp2515_send_message.o)
 .debug_loc     0x00000000000002dd       0x5c lib/avr-can-lib/src//libcan.a(mcp2515_write_id.o)
 .debug_loc     0x0000000000000339       0xf3 lib/avr-can-lib/src//libcan.a(mcp2515_read_id.o)
 .debug_loc     0x000000000000042c       0x48 lib/avr-can-lib/src//libcan.a(mcp2515_error_register.o)
 .debug_loc     0x0000000000000474       0x1f lib/avr-can-lib/src//libcan.a(spi.o)
 .debug_loc     0x0000000000000493      0x3f1 lib/avr-can-lib/src//libcan.a(mcp2515.o)

.debug_macinfo
 *(.debug_macinfo)

.debug_weaknames
 *(.debug_weaknames)

.debug_funcnames
 *(.debug_funcnames)

.debug_typenames
 *(.debug_typenames)

.debug_varnames
 *(.debug_varnames)

.debug_pubtypes
 *(.debug_pubtypes)

.debug_ranges   0x0000000000000000       0x18
 *(.debug_ranges)
 .debug_ranges  0x0000000000000000       0x18 lib/avr-can-lib/src//libcan.a(mcp2515_get_message.o)

.debug_macro
 *(.debug_macro)

.debug_addr
 *(.debug_addr)
OUTPUT(bin/firmware.elf elf32-avr)
LOAD linker stubs
